// Jest Snapshot v1, https://goo.gl/fbAQLP

exports[`Form rendres correctly 1`] = `
<div
  className="Form"
>
  <h1>
    Hey! 
  </h1>
  <p>
    Blah blah blah
  </p>
  <a
    href="/card"
    onClick={[Function]}
  >
    card
  </a>
</div>
`;
